Please make sure you have the correct access rights
and the repository exists.
(base) wifi-10-41-129-83:GitHub-Collaboration-Practice mohammedmohammed$ git branch
* main
(base) wifi-10-41-129-83:GitHub-Collaboration-Practice mohammedmohammed$ git checkout bello_branch
error: pathspec 'bello_branch' did not match any file(s) known to git
(base) wifi-10-41-129-83:GitHub-Collaboration-Practice mohammedmohammed$ git branch
* main
(base) wifi-10-41-129-83:GitHub-Collaboration-Practice mohammedmohammed$ git switch bello_branch
fatal: invalid reference: bello_branch
(base) wifi-10-41-129-83:GitHub-Collaboration-Practice mohammedmohammed$ git checkout -b bello_branch
Switched to a new branch 'bello_branch'
(base) wifi-10-41-129-83:GitHub-Collaboration-Practice mohammedmohammed$ git add *
(base) wifi-10-41-129-83:GitHub-Collaboration-Practice mohammedmohammed$ git command -m "Added Policy Interests"
git: 'command' is not a git command. See 'git --help'.
(base) wifi-10-41-129-83:GitHub-Collaboration-Practice mohammedmohammed$ git commit -m "Added Policy Interests"
On branch bello_branch
nothing to commit, working tree clean
(base) wifi-10-41-129-83:GitHub-Collaboration-Practice mohammedmohammed$ git branch
* bello_branch
  main
(base) wifi-10-41-129-83:GitHub-Collaboration-Practice mohammedmohammed$ touch branch_edits.txt
(base) wifi-10-41-129-83:GitHub-Collaboration-Practice mohammedmohammed$ vim branch_edits.txt 
(base) wifi-10-41-129-83:GitHub-Collaboration-Practice mohammedmohammed$ vim branch_edits.txt 
(base) wifi-10-41-129-83:GitHub-Collaboration-Practice mohammedmohammed$ git branch
* bello_branch
  main
(base) wifi-10-41-129-83:GitHub-Collaboration-Practice mohammedmohammed$ git add *
(base) wifi-10-41-129-83:GitHub-Collaboration-Practice mohammedmohammed$ git commit -m "Added branch terminal edits"
[bello_branch 19a617e] Added branch terminal edits
 1 file changed, 57 insertions(+)
 create mode 100644 branch_edits.txt
(base) wifi-10-41-129-83:GitHub-Collaboration-Practice mohammedmohammed$ git push
fatal: The current branch bello_branch has no upstream branch.
To push the current branch and set the remote as upstream, use

    git push --set-upstream origin bello_branch

To have this happen automatically for branches without a tracking
upstream, see 'push.autoSetupRemote' in 'git help config'.

(base) wifi-10-41-129-83:GitHub-Collaboration-Practice mohammedmohammed$ git push --set-upstream origin bello_branch
Enumerating objects: 17, done.
Counting objects: 100% (17/17), done.
Delta compression using up to 11 threads
Compressing objects: 100% (12/12), done.
Writing objects: 100% (13/13), 3.14 KiB | 3.14 MiB/s, done.
Total 13 (delta 4), reused 6 (delta 1), pack-reused 0 (from 0)
remote: Resolving deltas: 100% (4/4), completed with 2 local objects.
remote: 
remote: Create a pull request for 'bello_branch' on GitHub by visiting:
remote:      https://github.com/MaxDunsker/GitHub-Collaboration-Practice/pull/new/bello_branch
remote: 
To https://github.com/MaxDunsker/GitHub-Collaboration-Practice.git
 * [new branch]      bello_branch -> bello_branch
branch 'bello_branch' set up to track 'origin/bello_branch'.
(base) wifi-10-41-129-83:GitHub-Collaboration-Practice mohammedmohammed$ git branch
* bello_branch
  main
(base) wifi-10-41-129-83:GitHub-Collaboration-Practice mohammedmohammed$ git checkout main
Switched to branch 'main'
Your branch is ahead of 'origin/main' by 1 commit.
  (use "git push" to publish your local commits)
(base) wifi-10-41-129-83:GitHub-Collaboration-Practice mohammedmohammed$ git pull origin main
remote: Enumerating objects: 5, done.
remote: Counting objects: 100% (5/5), done.
remote: Compressing objects: 100% (2/2), done.
remote: Total 3 (delta 1), reused 3 (delta 1), pack-reused 0 (from 0)
Unpacking objects: 100% (3/3), 385 bytes | 77.00 KiB/s, done.
From https://github.com/MaxDunsker/GitHub-Collaboration-Practice
 * branch            main       -> FETCH_HEAD
   065046c..7e451f1  main       -> origin/main
hint: You have divergent branches and need to specify how to reconcile them.
hint: You can do so by running one of the following commands sometime before
hint: your next pull:
hint:
hint:   git config pull.rebase false  # merge
hint:   git config pull.rebase true   # rebase
hint:   git config pull.ff only       # fast-forward only
hint:
hint: You can replace "git config" with "git config --global" to set a default
hint: preference for all repositories. You can also pass --rebase, --no-rebase,
hint: or --ff-only on the command line to override the configured default per
hint: invocation.
fatal: Need to specify how to reconcile divergent branches.
(base) wifi-10-41-129-83:GitHub-Collaboration-Practice mohammedmohammed$ git merge bello_branch
Updating 7805b93..19a617e
Fast-forward
 branch_edits.txt | 57 +++++++++++++++++++++++++++++++++++++++++++++++++++++++++
 1 file changed, 57 insertions(+)
 create mode 100644 branch_edits.txt
(base) wifi-10-41-129-83:GitHub-Collaboration-Practice mohammedmohammed$ git push origin main
To https://github.com/MaxDunsker/GitHub-Collaboration-Practice.git
 ! [rejected]        main -> main (non-fast-forward)
error: failed to push some refs to 'https://github.com/MaxDunsker/GitHub-Collaboration-Practice.git'
hint: Updates were rejected because the tip of your current branch is behind
hint: its remote counterpart. If you want to integrate the remote changes,
hint: use 'git pull' before pushing again.
hint: See the 'Note about fast-forwards' in 'git push --help' for details.
(base) wifi-10-41-129-83:GitHub-Collaboration-Practice mohammedmohammed$ git checkout bello_branch
Switched to branch 'bello_branch'
Your branch is up to date with 'origin/bello_branch'.
(base) wifi-10-41-129-83:GitHub-Collaboration-Practice mohammedmohammed$ git pull
From https://github.com/MaxDunsker/GitHub-Collaboration-Practice
 * [new branch]      pesce_branch -> origin/pesce_branch
Already up to date.
(base) wifi-10-41-129-83:GitHub-Collaboration-Practice mohammedmohammed$ git push origin main
To https://github.com/MaxDunsker/GitHub-Collaboration-Practice.git
 ! [rejected]        main -> main (non-fast-forward)
error: failed to push some refs to 'https://github.com/MaxDunsker/GitHub-Collaboration-Practice.git'
hint: Updates were rejected because a pushed branch tip is behind its remote
hint: counterpart. If you want to integrate the remote changes, use 'git pull'
hint: before pushing again.
hint: See the 'Note about fast-forwards' in 'git push --help' for details.
(base) wifi-10-41-129-83:GitHub-Collaboration-Practice mohammedmohammed$ git pull origin main
giremote: Enumerating objects: 5, done.
remote: Counting objects: 100% (5/5), done.
remote: Compressing objects: 100% (1/1), done.
remote: Total 3 (delta 2), reused 3 (delta 2), pack-reused 0 (from 0)
Unpacking objects: 100% (3/3), 286 bytes | 47.00 KiB/s, done.
From https://github.com/MaxDunsker/GitHub-Collaboration-Practice
 * branch            main       -> FETCH_HEAD
   7e451f1..587772a  main       -> origin/main
hint: You have divergent branches and need to specify how to reconcile them.
hint: You can do so by running one of the following commands sometime before
hint: your next pull:
hint:
hint:   git config pull.rebase false  # merge
hint:   git config pull.rebase true   # rebase
hint:   git config pull.ff only       # fast-forward only
hint:
hint: You can replace "git config" with "git config --global" to set a default
hint: preference for all repositories. You can also pass --rebase, --no-rebase,
hint: or --ff-only on the command line to override the configured default per
hint: invocation.
fatal: Need to specify how to reconcile divergent branches.
(base) wifi-10-41-129-83:GitHub-Collaboration-Practice mohammedmohammed$ git branch
* bello_branch
  main
(base) wifi-10-41-129-83:GitHub-Collaboration-Practice mohammedmohammed$ git config pull.rebase false
(base) wifi-10-41-129-83:GitHub-Collaboration-Practice mohammedmohammed$ git pull origin bello_branch
From https://github.com/MaxDunsker/GitHub-Collaboration-Practice
 * branch            bello_branch -> FETCH_HEAD
Already up to date.
(base) wifi-10-41-129-83:GitHub-Collaboration-Practice mohammedmohammed$ vim Information.txt 
(base) wifi-10-41-129-83:GitHub-Collaboration-Practice mohammedmohammed$ git push origin bello_branch
Everything up-to-date
(base) wifi-10-41-129-83:GitHub-Collaboration-Practice mohammedmohammed$ git checkout main
Switched to branch 'main'
Your branch and 'origin/main' have diverged,
and have 2 and 2 different commits each, respectively.
  (use "git pull" if you want to integrate the remote branch with yours)
(base) wifi-10-41-129-83:GitHub-Collaboration-Practice mohammedmohammed$ git pull origin main
From https://github.com/MaxDunsker/GitHub-Collaboration-Practice
 * branch            main       -> FETCH_HEAD
Auto-merging Information.txt
CONFLICT (content): Merge conflict in Information.txt
Automatic merge failed; fix conflicts and then commit the result.
(base) wifi-10-41-129-83:GitHub-Collaboration-Practice mohammedmohammed$ git merge bello_branch
error: Merging is not possible because you have unmerged files.
hint: Fix them up in the work tree, and then use 'git add/rm <file>'
hint: as appropriate to mark resolution and make a commit.
fatal: Exiting because of an unresolved conflict.
(base) wifi-10-41-129-83:GitHub-Collaboration-Practice mohammedmohammed$ git pull
error: Pulling is not possible because you have unmerged files.
hint: Fix them up in the work tree, and then use 'git add/rm <file>'
hint: as appropriate to mark resolution and make a commit.
fatal: Exiting because of an unresolved conflict.
(base) wifi-10-41-129-83:GitHub-Collaboration-Practice mohammedmohammed$ cd .. 
(base) wifi-10-41-129-83:Computational-Social-Science-Projects mohammedmohammed$ cd GitHub-Collaboration-Practice/
(base) wifi-10-41-129-83:GitHub-Collaboration-Practice mohammedmohammed$ git branch
  bello_branch
* main
(base) wifi-10-41-129-83:GitHub-Collaboration-Practice mohammedmohammed$ touch bello_code
(base) wifi-10-41-129-83:GitHub-Collaboration-Practice mohammedmohammed$ ls
bello_code		branch_edits.txt	git			Information.txt		MD_Code.txt		README.md
(base) wifi-10-41-129-83:GitHub-Collaboration-Practice mohammedmohammed$ rm -r bello_code
(base) wifi-10-41-129-83:GitHub-Collaboration-Practice mohammedmohammed$ ls
branch_edits.txt	git			Information.txt		MD_Code.txt		README.md
(base) wifi-10-41-129-83:GitHub-Collaboration-Practice mohammedmohammed$ touch bello_code.txt
(base) wifi-10-41-129-83:GitHub-Collaboration-Practice mohammedmohammed$ vim bello_code.txt
(base) wifi-10-41-129-83:GitHub-Collaboration-Practice mohammedmohammed$ 

